Archive member included to satisfy reference by file (symbol)

c:/ac6/systemworkbench/plugins/fr.ac6.mcu.externaltools.arm-none.win32_1.7.0.201602121829/tools/compiler/bin/../lib/gcc/arm-none-eabi/5.2.1/armv6-m\libgcc.a(_thumb1_case_uqi.o)
                              Drivers/STM32F0xx_HAL_Driver/Src/stm32f0xx_hal_pcd.o (__gnu_thumb1_case_uqi)
c:/ac6/systemworkbench/plugins/fr.ac6.mcu.externaltools.arm-none.win32_1.7.0.201602121829/tools/compiler/bin/../lib/gcc/arm-none-eabi/5.2.1/armv6-m\libgcc.a(_udivsi3.o)
                              Drivers/STM32F0xx_HAL_Driver/Src/stm32f0xx_hal.o (__aeabi_uidiv)
c:/ac6/systemworkbench/plugins/fr.ac6.mcu.externaltools.arm-none.win32_1.7.0.201602121829/tools/compiler/bin/../lib/gcc/arm-none-eabi/5.2.1/armv6-m\libgcc.a(_dvmd_tls.o)
                              c:/ac6/systemworkbench/plugins/fr.ac6.mcu.externaltools.arm-none.win32_1.7.0.201602121829/tools/compiler/bin/../lib/gcc/arm-none-eabi/5.2.1/armv6-m\libgcc.a(_udivsi3.o) (__aeabi_idiv0)
c:/ac6/systemworkbench/plugins/fr.ac6.mcu.externaltools.arm-none.win32_1.7.0.201602121829/tools/compiler/bin/../lib/gcc/arm-none-eabi/5.2.1/armv6-m\libgcc.a(_lshrdi3.o)
                              Drivers/STM32F0xx_HAL_Driver/Src/stm32f0xx_hal_flash.o (__aeabi_llsr)
c:/ac6/systemworkbench/plugins/fr.ac6.mcu.externaltools.arm-none.win32_1.7.0.201602121829/tools/compiler/bin/../lib/gcc/arm-none-eabi/5.2.1/../../../../arm-none-eabi/lib/armv6-m\libc_nano.a(lib_a-exit.o)
                              c:/ac6/systemworkbench/plugins/fr.ac6.mcu.externaltools.arm-none.win32_1.7.0.201602121829/tools/compiler/bin/../lib/gcc/arm-none-eabi/5.2.1/../../../../arm-none-eabi/lib/armv6-m/crt0.o (exit)
c:/ac6/systemworkbench/plugins/fr.ac6.mcu.externaltools.arm-none.win32_1.7.0.201602121829/tools/compiler/bin/../lib/gcc/arm-none-eabi/5.2.1/../../../../arm-none-eabi/lib/armv6-m\libc_nano.a(lib_a-impure.o)
                              c:/ac6/systemworkbench/plugins/fr.ac6.mcu.externaltools.arm-none.win32_1.7.0.201602121829/tools/compiler/bin/../lib/gcc/arm-none-eabi/5.2.1/../../../../arm-none-eabi/lib/armv6-m\libc_nano.a(lib_a-exit.o) (_global_impure_ptr)
c:/ac6/systemworkbench/plugins/fr.ac6.mcu.externaltools.arm-none.win32_1.7.0.201602121829/tools/compiler/bin/../lib/gcc/arm-none-eabi/5.2.1/../../../../arm-none-eabi/lib/armv6-m\libc_nano.a(lib_a-init.o)
                              c:/ac6/systemworkbench/plugins/fr.ac6.mcu.externaltools.arm-none.win32_1.7.0.201602121829/tools/compiler/bin/../lib/gcc/arm-none-eabi/5.2.1/../../../../arm-none-eabi/lib/armv6-m/crt0.o (__libc_init_array)
c:/ac6/systemworkbench/plugins/fr.ac6.mcu.externaltools.arm-none.win32_1.7.0.201602121829/tools/compiler/bin/../lib/gcc/arm-none-eabi/5.2.1/../../../../arm-none-eabi/lib/armv6-m\libc_nano.a(lib_a-memcpy-stub.o)
                              Drivers/STM32F0xx_HAL_Driver/Src/stm32f0xx_hal_rcc.o (memcpy)
c:/ac6/systemworkbench/plugins/fr.ac6.mcu.externaltools.arm-none.win32_1.7.0.201602121829/tools/compiler/bin/../lib/gcc/arm-none-eabi/5.2.1/../../../../arm-none-eabi/lib/armv6-m\libc_nano.a(lib_a-memset.o)
                              c:/ac6/systemworkbench/plugins/fr.ac6.mcu.externaltools.arm-none.win32_1.7.0.201602121829/tools/compiler/bin/../lib/gcc/arm-none-eabi/5.2.1/../../../../arm-none-eabi/lib/armv6-m/crt0.o (memset)
c:/ac6/systemworkbench/plugins/fr.ac6.mcu.externaltools.arm-none.win32_1.7.0.201602121829/tools/compiler/bin/../lib/gcc/arm-none-eabi/5.2.1/../../../../arm-none-eabi/lib/armv6-m\libnosys.a(_exit.o)
                              c:/ac6/systemworkbench/plugins/fr.ac6.mcu.externaltools.arm-none.win32_1.7.0.201602121829/tools/compiler/bin/../lib/gcc/arm-none-eabi/5.2.1/../../../../arm-none-eabi/lib/armv6-m\libc_nano.a(lib_a-exit.o) (_exit)

Allocating common symbols
Common symbol       size              file

uwTick              0x4               Drivers/STM32F0xx_HAL_Driver/Src/stm32f0xx_hal.o
pFlash              0x20              Drivers/STM32F0xx_HAL_Driver/Src/stm32f0xx_hal_flash.o

Discarded input sections

 .text          0x00000000        0x0 c:/ac6/systemworkbench/plugins/fr.ac6.mcu.externaltools.arm-none.win32_1.7.0.201602121829/tools/compiler/bin/../lib/gcc/arm-none-eabi/5.2.1/armv6-m/crti.o
 .data          0x00000000        0x0 c:/ac6/systemworkbench/plugins/fr.ac6.mcu.externaltools.arm-none.win32_1.7.0.201602121829/tools/compiler/bin/../lib/gcc/arm-none-eabi/5.2.1/armv6-m/crti.o
 .bss           0x00000000        0x0 c:/ac6/systemworkbench/plugins/fr.ac6.mcu.externaltools.arm-none.win32_1.7.0.201602121829/tools/compiler/bin/../lib/gcc/arm-none-eabi/5.2.1/armv6-m/crti.o
 .data          0x00000000        0x4 c:/ac6/systemworkbench/plugins/fr.ac6.mcu.externaltools.arm-none.win32_1.7.0.201602121829/tools/compiler/bin/../lib/gcc/arm-none-eabi/5.2.1/armv6-m/crtbegin.o
[...]
Memory Configuration

Name             Origin             Length             Attributes
FLASH            0x08000000         0x00020000         xr
RAM              0x20000000         0x00004000         xrw
*default*        0x00000000         0xffffffff

Linker script and memory map

LOAD c:/ac6/systemworkbench/plugins/fr.ac6.mcu.externaltools.arm-none.win32_1.7.0.201602121829/tools/compiler/bin/../lib/gcc/arm-none-eabi/5.2.1/armv6-m/crti.o
LOAD c:/ac6/systemworkbench/plugins/fr.ac6.mcu.externaltools.arm-none.win32_1.7.0.201602121829/tools/compiler/bin/../lib/gcc/arm-none-eabi/5.2.1/armv6-m/crtbegin.o
LOAD c:/ac6/systemworkbench/plugins/fr.ac6.mcu.externaltools.arm-none.win32_1.7.0.201602121829/tools/compiler/bin/../lib/gcc/arm-none-eabi/5.2.1/../../../../arm-none-eabi/lib/armv6-m/crt0.o
LOAD c:/ac6/systemworkbench/plugins/fr.ac6.mcu.externaltools.arm-none.win32_1.7.0.201602121829/tools/compiler/bin/../lib/gcc/arm-none-eabi/5.2.1/../../../../arm-none-eabi/lib/armv6-m\libm.a
LOAD Drivers/STM32F0xx_HAL_Driver/Src/stm32f0xx_hal.o
LOAD Drivers/STM32F0xx_HAL_Driver/Src/stm32f0xx_hal_adc.o
LOAD Drivers/STM32F0xx_HAL_Driver/Src/stm32f0xx_hal_adc_ex.o
LOAD Drivers/STM32F0xx_HAL_Driver/Src/stm32f0xx_hal_comp.o
LOAD Drivers/STM32F0xx_HAL_Driver/Src/stm32f0xx_hal_cortex.o
LOAD Drivers/STM32F0xx_HAL_Driver/Src/stm32f0xx_hal_crc.o
LOAD Drivers/STM32F0xx_HAL_Driver/Src/stm32f0xx_hal_crc_ex.o
LOAD Drivers/STM32F0xx_HAL_Driver/Src/stm32f0xx_hal_dma.o
LOAD Drivers/STM32F0xx_HAL_Driver/Src/stm32f0xx_hal_flash.o
LOAD Drivers/STM32F0xx_HAL_Driver/Src/stm32f0xx_hal_flash_ex.o
LOAD Drivers/STM32F0xx_HAL_Driver/Src/stm32f0xx_hal_gpio.o
LOAD Drivers/STM32F0xx_HAL_Driver/Src/stm32f0xx_hal_i2c.o
LOAD Drivers/STM32F0xx_HAL_Driver/Src/stm32f0xx_hal_i2c_ex.o
LOAD Drivers/STM32F0xx_HAL_Driver/Src/stm32f0xx_hal_i2s.o
LOAD Drivers/STM32F0xx_HAL_Driver/Src/stm32f0xx_hal_iwdg.o
LOAD Drivers/STM32F0xx_HAL_Driver/Src/stm32f0xx_hal_pcd.o
LOAD Drivers/STM32F0xx_HAL_Driver/Src/stm32f0xx_hal_pcd_ex.o
LOAD Drivers/STM32F0xx_HAL_Driver/Src/stm32f0xx_hal_pwr.o
LOAD Drivers/STM32F0xx_HAL_Driver/Src/stm32f0xx_hal_pwr_ex.o
LOAD Drivers/STM32F0xx_HAL_Driver/Src/stm32f0xx_hal_rcc.o
LOAD Drivers/STM32F0xx_HAL_Driver/Src/stm32f0xx_hal_rcc_ex.o
LOAD Drivers/STM32F0xx_HAL_Driver/Src/stm32f0xx_hal_rtc.o
LOAD Drivers/STM32F0xx_HAL_Driver/Src/stm32f0xx_hal_rtc_ex.o
LOAD Drivers/STM32F0xx_HAL_Driver/Src/stm32f0xx_hal_smbus.o
LOAD Drivers/STM32F0xx_HAL_Driver/Src/stm32f0xx_hal_spi.o
LOAD Drivers/STM32F0xx_HAL_Driver/Src/stm32f0xx_hal_spi_ex.o
LOAD Drivers/STM32F0xx_HAL_Driver/Src/stm32f0xx_hal_tim.o
LOAD Drivers/STM32F0xx_HAL_Driver/Src/stm32f0xx_hal_tim_ex.o
LOAD Drivers/STM32F0xx_HAL_Driver/Src/stm32f0xx_hal_tsc.o
LOAD Drivers/STM32F0xx_HAL_Driver/Src/stm32f0xx_hal_uart.o
LOAD Drivers/STM32F0xx_HAL_Driver/Src/stm32f0xx_hal_uart_ex.o
LOAD Drivers/STM32F0xx_HAL_Driver/Src/stm32f0xx_hal_usart.o
LOAD Drivers/STM32F0xx_HAL_Driver/Src/stm32f0xx_hal_wwdg.o
LOAD Drivers/STM32F0xx_HAL_Driver/Src/stm32f0xx_ll_adc.o
LOAD Drivers/STM32F0xx_HAL_Driver/Src/stm32f0xx_ll_comp.o
LOAD Drivers/STM32F0xx_HAL_Driver/Src/stm32f0xx_ll_crc.o
LOAD Drivers/STM32F0xx_HAL_Driver/Src/stm32f0xx_ll_crs.o
LOAD Drivers/STM32F0xx_HAL_Driver/Src/stm32f0xx_ll_dac.o
LOAD Drivers/STM32F0xx_HAL_Driver/Src/stm32f0xx_ll_dma.o
LOAD Drivers/STM32F0xx_HAL_Driver/Src/stm32f0xx_ll_exti.o
LOAD Drivers/STM32F0xx_HAL_Driver/Src/stm32f0xx_ll_gpio.o
LOAD Drivers/STM32F0xx_HAL_Driver/Src/stm32f0xx_ll_i2c.o
LOAD Drivers/STM32F0xx_HAL_Driver/Src/stm32f0xx_ll_pwr.o
LOAD Drivers/STM32F0xx_HAL_Driver/Src/stm32f0xx_ll_rcc.o
LOAD Drivers/STM32F0xx_HAL_Driver/Src/stm32f0xx_ll_rtc.o
LOAD Drivers/STM32F0xx_HAL_Driver/Src/stm32f0xx_ll_spi.o
LOAD Drivers/STM32F0xx_HAL_Driver/Src/stm32f0xx_ll_tim.o
LOAD Drivers/STM32F0xx_HAL_Driver/Src/stm32f0xx_ll_usart.o
LOAD Drivers/STM32F0xx_HAL_Driver/Src/stm32f0xx_ll_utils.o
LOAD System/startup_stm32f072xb.o
LOAD System/stm32f0xx_hal_msp.o
LOAD System/stm32f0xx_it.o
LOAD System/stm32f0xx_nucleo.o
LOAD System/system_stm32f0xx.o
LOAD main.o
START GROUP
LOAD c:/ac6/systemworkbench/plugins/fr.ac6.mcu.externaltools.arm-none.win32_1.7.0.201602121829/tools/compiler/bin/../lib/gcc/arm-none-eabi/5.2.1/armv6-m\libgcc.a
LOAD c:/ac6/systemworkbench/plugins/fr.ac6.mcu.externaltools.arm-none.win32_1.7.0.201602121829/tools/compiler/bin/../lib/gcc/arm-none-eabi/5.2.1/../../../../arm-none-eabi/lib/armv6-m\libc_nano.a
END GROUP
START GROUP
LOAD c:/ac6/systemworkbench/plugins/fr.ac6.mcu.externaltools.arm-none.win32_1.7.0.201602121829/tools/compiler/bin/../lib/gcc/arm-none-eabi/5.2.1/armv6-m\libgcc.a
LOAD c:/ac6/systemworkbench/plugins/fr.ac6.mcu.externaltools.arm-none.win32_1.7.0.201602121829/tools/compiler/bin/../lib/gcc/arm-none-eabi/5.2.1/../../../../arm-none-eabi/lib/armv6-m\libc_nano.a
LOAD c:/ac6/systemworkbench/plugins/fr.ac6.mcu.externaltools.arm-none.win32_1.7.0.201602121829/tools/compiler/bin/../lib/gcc/arm-none-eabi/5.2.1/../../../../arm-none-eabi/lib/armv6-m\libnosys.a
END GROUP
START GROUP
LOAD c:/ac6/systemworkbench/plugins/fr.ac6.mcu.externaltools.arm-none.win32_1.7.0.201602121829/tools/compiler/bin/../lib/gcc/arm-none-eabi/5.2.1/armv6-m\libgcc.a
LOAD c:/ac6/systemworkbench/plugins/fr.ac6.mcu.externaltools.arm-none.win32_1.7.0.201602121829/tools/compiler/bin/../lib/gcc/arm-none-eabi/5.2.1/../../../../arm-none-eabi/lib/armv6-m\libc_nano.a
LOAD c:/ac6/systemworkbench/plugins/fr.ac6.mcu.externaltools.arm-none.win32_1.7.0.201602121829/tools/compiler/bin/../lib/gcc/arm-none-eabi/5.2.1/../../../../arm-none-eabi/lib/armv6-m\libnosys.a
END GROUP
LOAD c:/ac6/systemworkbench/plugins/fr.ac6.mcu.externaltools.arm-none.win32_1.7.0.201602121829/tools/compiler/bin/../lib/gcc/arm-none-eabi/5.2.1/armv6-m/crtend.o
LOAD c:/ac6/systemworkbench/plugins/fr.ac6.mcu.externaltools.arm-none.win32_1.7.0.201602121829/tools/compiler/bin/../lib/gcc/arm-none-eabi/5.2.1/armv6-m/crtn.o
                0x20004000                _estack = 0x20004000
                0x00000200                _Min_Heap_Size = 0x200
                0x00000400                _Min_Stack_Size = 0x400

.isr_vector     0x08000000       0xc0
                0x08000000                . = ALIGN (0x4)
 *(.isr_vector)
 .isr_vector    0x08000000       0xc0 System/startup_stm32f072xb.o
                0x08000000                g_pfnVectors
                0x080000c0                . = ALIGN (0x4)

.text           0x080000c0      0x410
                0x080000c0                . = ALIGN (0x4)
 *(.text)
 .text          0x080000c0       0xb4 c:/ac6/systemworkbench/plugins/fr.ac6.mcu.externaltools.arm-none.win32_1.7.0.201602121829/tools/compiler/bin/../lib/gcc/arm-none-eabi/5.2.1/armv6-m/crtbegin.o
 .text          0x08000174      0x114 c:/ac6/systemworkbench/plugins/fr.ac6.mcu.externaltools.arm-none.win32_1.7.0.201602121829/tools/compiler/bin/../lib/gcc/arm-none-eabi/5.2.1/armv6-m\libgcc.a(_udivsi3.o)
                0x08000174                __aeabi_uidiv
                0x08000174                __udivsi3
                0x08000280                __aeabi_uidivmod
 .text          0x08000288        0x4 c:/ac6/systemworkbench/plugins/fr.ac6.mcu.externaltools.arm-none.win32_1.7.0.201602121829/tools/compiler/bin/../lib/gcc/arm-none-eabi/5.2.1/armv6-m\libgcc.a(_dvmd_tls.o)
                0x08000288                __aeabi_idiv0
                0x08000288                __aeabi_ldiv0
 *(.text*)
 .text.HAL_InitTick
                0x0800028c       0x24 Drivers/STM32F0xx_HAL_Driver/Src/stm32f0xx_hal.o
                0x0800028c                HAL_InitTick
 .text.HAL_Init
                0x080002b0       0x20 Drivers/STM32F0xx_HAL_Driver/Src/stm32f0xx_hal.o
                0x080002b0                HAL_Init
 .text.HAL_IncTick
                0x080002d0       0x10 Drivers/STM32F0xx_HAL_Driver/Src/stm32f0xx_hal.o
                0x080002d0                HAL_IncTick
 .text.HAL_NVIC_SetPriority
                0x080002e0       0x60 Drivers/STM32F0xx_HAL_Driver/Src/stm32f0xx_hal_cortex.o
                0x080002e0                HAL_NVIC_SetPriority
 .text.HAL_SYSTICK_Config
                0x08000340       0x34 Drivers/STM32F0xx_HAL_Driver/Src/stm32f0xx_hal_cortex.o
                0x08000340                HAL_SYSTICK_Config
 .text.HAL_RCC_GetHCLKFreq
                0x08000374        0xc Drivers/STM32F0xx_HAL_Driver/Src/stm32f0xx_hal_rcc.o
                0x08000374                HAL_RCC_GetHCLKFreq
 .text.Reset_Handler
                0x08000380       0x50 System/startup_stm32f072xb.o
                0x08000380                Reset_Handler
 .text.Default_Handler
                0x080003d0        0x2 System/startup_stm32f072xb.o
                0x080003d0                TIM1_CC_IRQHandler
                0x080003d0                TSC_IRQHandler
                0x080003d0                ADC1_COMP_IRQHandler
                0x080003d0                I2C1_IRQHandler
                0x080003d0                RCC_CRS_IRQHandler
                0x080003d0                SPI1_IRQHandler
                0x080003d0                TIM6_DAC_IRQHandler
                0x080003d0                USART3_4_IRQHandler
                0x080003d0                EXTI2_3_IRQHandler
                0x080003d0                I2C2_IRQHandler
                0x080003d0                TIM17_IRQHandler
                0x080003d0                CEC_CAN_IRQHandler
                0x080003d0                RTC_IRQHandler
                0x080003d0                PVD_VDDIO2_IRQHandler
                0x080003d0                DMA1_Channel4_5_6_7_IRQHandler
                0x080003d0                TIM16_IRQHandler
                0x080003d0                TIM3_IRQHandler
                0x080003d0                EXTI4_15_IRQHandler
                0x080003d0                DMA1_Channel1_IRQHandler
                0x080003d0                Default_Handler
                0x080003d0                TIM14_IRQHandler
                0x080003d0                TIM7_IRQHandler
                0x080003d0                TIM15_IRQHandler
                0x080003d0                EXTI0_1_IRQHandler
                0x080003d0                USB_IRQHandler
                0x080003d0                SPI2_IRQHandler
                0x080003d0                WWDG_IRQHandler
                0x080003d0                TIM2_IRQHandler
                0x080003d0                DMA1_Channel2_3_IRQHandler
                0x080003d0                USART2_IRQHandler
                0x080003d0                FLASH_IRQHandler
                0x080003d0                USART1_IRQHandler
                0x080003d0                TIM1_BRK_UP_TRG_COM_IRQHandler
 .text.HAL_MspInit
                0x080003d2        0x2 System/stm32f0xx_hal_msp.o
                0x080003d2                HAL_MspInit
 .text.NMI_Handler
                0x080003d4        0x2 System/stm32f0xx_it.o
                0x080003d4                NMI_Handler
 .text.HardFault_Handler
                0x080003d6        0x2 System/stm32f0xx_it.o
                0x080003d6                HardFault_Handler
 .text.SVC_Handler
                0x080003d8        0x2 System/stm32f0xx_it.o
                0x080003d8                SVC_Handler
 .text.PendSV_Handler
                0x080003da        0x2 System/stm32f0xx_it.o
                0x080003da                PendSV_Handler
 .text.SysTick_Handler
                0x080003dc        0x8 System/stm32f0xx_it.o
                0x080003dc                SysTick_Handler
 .text.SystemInit
                0x080003e4       0x60 System/system_stm32f0xx.o
                0x080003e4                SystemInit
 .text.startup.main
                0x08000444       0x28 main.o
                0x08000444                main
 .text.__libc_init_array
                0x0800046c       0x4c c:/ac6/systemworkbench/plugins/fr.ac6.mcu.externaltools.arm-none.win32_1.7.0.201602121829/tools/compiler/bin/../lib/gcc/arm-none-eabi/5.2.1/../../../../arm-none-eabi/lib/armv6-m\libc_nano.a(lib_a-init.o)
                0x0800046c                __libc_init_array
 *(.glue_7)
 .glue_7        0x080004b8        0x0 linker stubs
 *(.glue_7t)
 .glue_7t       0x080004b8        0x0 linker stubs
 *(.eh_frame)
 .eh_frame      0x080004b8        0x0 c:/ac6/systemworkbench/plugins/fr.ac6.mcu.externaltools.arm-none.win32_1.7.0.201602121829/tools/compiler/bin/../lib/gcc/arm-none-eabi/5.2.1/armv6-m/crtbegin.o
 *(.init)
 .init          0x080004b8        0x4 c:/ac6/systemworkbench/plugins/fr.ac6.mcu.externaltools.arm-none.win32_1.7.0.201602121829/tools/compiler/bin/../lib/gcc/arm-none-eabi/5.2.1/armv6-m/crti.o
                0x080004b8                _init
 .init          0x080004bc        0x8 c:/ac6/systemworkbench/plugins/fr.ac6.mcu.externaltools.arm-none.win32_1.7.0.201602121829/tools/compiler/bin/../lib/gcc/arm-none-eabi/5.2.1/armv6-m/crtn.o
 *(.fini)
 .fini          0x080004c4        0x4 c:/ac6/systemworkbench/plugins/fr.ac6.mcu.externaltools.arm-none.win32_1.7.0.201602121829/tools/compiler/bin/../lib/gcc/arm-none-eabi/5.2.1/armv6-m/crti.o
                0x080004c4                _fini
 .fini          0x080004c8        0x8 c:/ac6/systemworkbench/plugins/fr.ac6.mcu.externaltools.arm-none.win32_1.7.0.201602121829/tools/compiler/bin/../lib/gcc/arm-none-eabi/5.2.1/armv6-m/crtn.o
                0x080004d0                . = ALIGN (0x4)
                0x080004d0                _etext = .

.vfp11_veneer   0x080004d0        0x0
 .vfp11_veneer  0x080004d0        0x0 linker stubs

.v4_bx          0x080004d0        0x0
 .v4_bx         0x080004d0        0x0 linker stubs

.iplt           0x080004d0        0x0
 .iplt          0x080004d0        0x0 c:/ac6/systemworkbench/plugins/fr.ac6.mcu.externaltools.arm-none.win32_1.7.0.201602121829/tools/compiler/bin/../lib/gcc/arm-none-eabi/5.2.1/armv6-m/crtbegin.o

.rel.dyn        0x080004d0        0x0
 .rel.iplt      0x080004d0        0x0 c:/ac6/systemworkbench/plugins/fr.ac6.mcu.externaltools.arm-none.win32_1.7.0.201602121829/tools/compiler/bin/../lib/gcc/arm-none-eabi/5.2.1/armv6-m/crtbegin.o

.rodata         0x080004d0        0x0
                0x080004d0                . = ALIGN (0x4)
 *(.rodata)
 *(.rodata*)
                0x080004d0                . = ALIGN (0x4)

.ARM.extab
 *(.ARM.extab* .gnu.linkonce.armextab.*)

.ARM            0x080004d0        0x0
                0x080004d0                __exidx_start = .
 *(.ARM.exidx*)
                0x080004d0                __exidx_end = .

.preinit_array  0x080004d0        0x0
                0x080004d0                PROVIDE (__preinit_array_start, .)
 *(.preinit_array*)
                0x080004d0                PROVIDE (__preinit_array_end, .)

.init_array     0x080004d0        0x4
                0x080004d0                PROVIDE (__init_array_start, .)
 *(SORT(.init_array.*))
 *(.init_array*)
 .init_array    0x080004d0        0x4 c:/ac6/systemworkbench/plugins/fr.ac6.mcu.externaltools.arm-none.win32_1.7.0.201602121829/tools/compiler/bin/../lib/gcc/arm-none-eabi/5.2.1/armv6-m/crtbegin.o
                0x080004d4                PROVIDE (__init_array_end, .)

.fini_array     0x080004d4        0x4
                [!provide]                PROVIDE (__fini_array_start, .)
 *(SORT(.fini_array.*))
 *(.fini_array*)
 .fini_array    0x080004d4        0x4 c:/ac6/systemworkbench/plugins/fr.ac6.mcu.externaltools.arm-none.win32_1.7.0.201602121829/tools/compiler/bin/../lib/gcc/arm-none-eabi/5.2.1/armv6-m/crtbegin.o
                [!provide]                PROVIDE (__fini_array_end, .)
                0x080004d8                _sidata = LOADADDR (.data)

.data           0x20000000        0x4 load address 0x080004d8
                0x20000000                . = ALIGN (0x4)
                0x20000000                _sdata = .
 *(.data)
 .data          0x20000000        0x4 System/system_stm32f0xx.o
                0x20000000                SystemCoreClock
 *(.data*)
                0x20000004                . = ALIGN (0x4)
                0x20000004                _edata = .

.jcr            0x20000004        0x0 load address 0x080004dc
 .jcr           0x20000004        0x0 c:/ac6/systemworkbench/plugins/fr.ac6.mcu.externaltools.arm-none.win32_1.7.0.201602121829/tools/compiler/bin/../lib/gcc/arm-none-eabi/5.2.1/armv6-m/crtbegin.o

.tm_clone_table
                0x20000004        0x0 load address 0x080004dc
 .tm_clone_table
                0x20000004        0x0 c:/ac6/systemworkbench/plugins/fr.ac6.mcu.externaltools.arm-none.win32_1.7.0.201602121829/tools/compiler/bin/../lib/gcc/arm-none-eabi/5.2.1/armv6-m/crtbegin.o
 .tm_clone_table
                0x20000004        0x0 c:/ac6/systemworkbench/plugins/fr.ac6.mcu.externaltools.arm-none.win32_1.7.0.201602121829/tools/compiler/bin/../lib/gcc/arm-none-eabi/5.2.1/armv6-m/crtend.o

.igot.plt       0x20000004        0x0 load address 0x080004dc
 .igot.plt      0x20000004        0x0 c:/ac6/systemworkbench/plugins/fr.ac6.mcu.externaltools.arm-none.win32_1.7.0.201602121829/tools/compiler/bin/../lib/gcc/arm-none-eabi/5.2.1/armv6-m/crtbegin.o
                0x20000004                . = ALIGN (0x4)

.bss            0x20000004       0x20 load address 0x080004dc
                0x20000004                _sbss = .
                0x20000004                __bss_start__ = _sbss
 *(.bss)
 .bss           0x20000004       0x1c c:/ac6/systemworkbench/plugins/fr.ac6.mcu.externaltools.arm-none.win32_1.7.0.201602121829/tools/compiler/bin/../lib/gcc/arm-none-eabi/5.2.1/armv6-m/crtbegin.o
 *(.bss*)
 *(COMMON)
 COMMON         0x20000020        0x4 Drivers/STM32F0xx_HAL_Driver/Src/stm32f0xx_hal.o
                0x20000020                uwTick
                0x20000024                . = ALIGN (0x4)
                0x20000024                _ebss = .
                0x20000024                __bss_end__ = _ebss

._user_heap_stack
                0x20000024      0x604 load address 0x080004dc
                0x20000028                . = ALIGN (0x8)
 *fill*         0x20000024        0x4 
                [!provide]                PROVIDE (end, .)
                [!provide]                PROVIDE (_end, .)
                0x20000228                . = (. + _Min_Heap_Size)
 *fill*         0x20000028      0x200 
                0x20000628                . = (. + _Min_Stack_Size)
 *fill*         0x20000228      0x400 
                0x20000628                . = ALIGN (0x8)

/DISCARD/
 libc.a(*)
 libm.a(*)
 libgcc.a(*)

.ARM.attributes
                0x00000000       0x28
 *(.ARM.attributes)
 .ARM.attributes
                0x00000000       0x1e c:/ac6/systemworkbench/plugins/fr.ac6.mcu.externaltools.arm-none.win32_1.7.0.201602121829/tools/compiler/bin/../lib/gcc/arm-none-eabi/5.2.1/armv6-m/crti.o
 .ARM.attributes
                0x0000001e       0x2c c:/ac6/systemworkbench/plugins/fr.ac6.mcu.externaltools.arm-none.win32_1.7.0.201602121829/tools/compiler/bin/../lib/gcc/arm-none-eabi/5.2.1/armv6-m/crtbegin.o
 .ARM.attributes
                0x0000004a       0x31 Drivers/STM32F0xx_HAL_Driver/Src/stm32f0xx_hal.o
 .ARM.attributes
                0x0000007b       0x31 Drivers/STM32F0xx_HAL_Driver/Src/stm32f0xx_hal_cortex.o
 .ARM.attributes
                0x000000ac       0x31 Drivers/STM32F0xx_HAL_Driver/Src/stm32f0xx_hal_rcc.o
 .ARM.attributes
                0x000000dd       0x21 System/startup_stm32f072xb.o
 .ARM.attributes
                0x000000fe       0x31 System/stm32f0xx_hal_msp.o
 .ARM.attributes
                0x0000012f       0x31 System/stm32f0xx_it.o
 .ARM.attributes
                0x00000160       0x31 System/system_stm32f0xx.o
 .ARM.attributes
                0x00000191       0x31 main.o
 .ARM.attributes
                0x000001c2       0x1e c:/ac6/systemworkbench/plugins/fr.ac6.mcu.externaltools.arm-none.win32_1.7.0.201602121829/tools/compiler/bin/../lib/gcc/arm-none-eabi/5.2.1/armv6-m\libgcc.a(_udivsi3.o)
 .ARM.attributes
                0x000001e0       0x1e c:/ac6/systemworkbench/plugins/fr.ac6.mcu.externaltools.arm-none.win32_1.7.0.201602121829/tools/compiler/bin/../lib/gcc/arm-none-eabi/5.2.1/armv6-m\libgcc.a(_dvmd_tls.o)
 .ARM.attributes
                0x000001fe       0x2c c:/ac6/systemworkbench/plugins/fr.ac6.mcu.externaltools.arm-none.win32_1.7.0.201602121829/tools/compiler/bin/../lib/gcc/arm-none-eabi/5.2.1/../../../../arm-none-eabi/lib/armv6-m\libc_nano.a(lib_a-init.o)
 .ARM.attributes
                0x0000022a       0x2c c:/ac6/systemworkbench/plugins/fr.ac6.mcu.externaltools.arm-none.win32_1.7.0.201602121829/tools/compiler/bin/../lib/gcc/arm-none-eabi/5.2.1/armv6-m/crtend.o
 .ARM.attributes
                0x00000256       0x1e c:/ac6/systemworkbench/plugins/fr.ac6.mcu.externaltools.arm-none.win32_1.7.0.201602121829/tools/compiler/bin/../lib/gcc/arm-none-eabi/5.2.1/armv6-m/crtn.o
OUTPUT(STM32F072RB-Nucleo.elf elf32-littlearm)

.debug_info     0x00000000     0x1d4b
 .debug_info    0x00000000      0x5ba Drivers/STM32F0xx_HAL_Driver/Src/stm32f0xx_hal.o
 .debug_info    0x000005ba      0x7c3 Drivers/STM32F0xx_HAL_Driver/Src/stm32f0xx_hal_cortex.o
 .debug_info    0x00000d7d      0x9d3 Drivers/STM32F0xx_HAL_Driver/Src/stm32f0xx_hal_rcc.o
 .debug_info    0x00001750       0x6a System/startup_stm32f072xb.o
 .debug_info    0x000017ba       0x9c System/stm32f0xx_hal_msp.o
 .debug_info    0x00001856       0xd8 System/stm32f0xx_it.o
 .debug_info    0x0000192e      0x246 System/system_stm32f0xx.o
 .debug_info    0x00001b74      0x1d7 main.o

.debug_abbrev   0x00000000      0x98c
 .debug_abbrev  0x00000000      0x1de Drivers/STM32F0xx_HAL_Driver/Src/stm32f0xx_hal.o
 .debug_abbrev  0x000001de      0x276 Drivers/STM32F0xx_HAL_Driver/Src/stm32f0xx_hal_cortex.o
 .debug_abbrev  0x00000454      0x254 Drivers/STM32F0xx_HAL_Driver/Src/stm32f0xx_hal_rcc.o
 .debug_abbrev  0x000006a8       0x12 System/startup_stm32f072xb.o
 .debug_abbrev  0x000006ba       0x4e System/stm32f0xx_hal_msp.o
 .debug_abbrev  0x00000708       0x9f System/stm32f0xx_it.o
 .debug_abbrev  0x000007a7       0xf3 System/system_stm32f0xx.o
 .debug_abbrev  0x0000089a       0xf2 main.o

.debug_loc      0x00000000      0x9af
 .debug_loc     0x00000000       0x6a Drivers/STM32F0xx_HAL_Driver/Src/stm32f0xx_hal.o
 .debug_loc     0x0000006a      0x3da Drivers/STM32F0xx_HAL_Driver/Src/stm32f0xx_hal_cortex.o
 .debug_loc     0x00000444      0x48a Drivers/STM32F0xx_HAL_Driver/Src/stm32f0xx_hal_rcc.o
 .debug_loc     0x000008ce       0xe1 System/system_stm32f0xx.o

.debug_aranges  0x00000000      0x250
 .debug_aranges
                0x00000000       0x98 Drivers/STM32F0xx_HAL_Driver/Src/stm32f0xx_hal.o
 .debug_aranges
                0x00000098       0x78 Drivers/STM32F0xx_HAL_Driver/Src/stm32f0xx_hal_cortex.o
 .debug_aranges
                0x00000110       0x80 Drivers/STM32F0xx_HAL_Driver/Src/stm32f0xx_hal_rcc.o
 .debug_aranges
                0x00000190       0x28 System/startup_stm32f072xb.o
 .debug_aranges
                0x000001b8       0x20 System/stm32f0xx_hal_msp.o
 .debug_aranges
                0x000001d8       0x30 System/stm32f0xx_it.o
 .debug_aranges
                0x00000208       0x28 System/system_stm32f0xx.o
 .debug_aranges
                0x00000230       0x20 main.o

.debug_ranges   0x00000000      0x2b8
 .debug_ranges  0x00000000       0x88 Drivers/STM32F0xx_HAL_Driver/Src/stm32f0xx_hal.o
 .debug_ranges  0x00000088       0xe8 Drivers/STM32F0xx_HAL_Driver/Src/stm32f0xx_hal_cortex.o
 .debug_ranges  0x00000170       0xb0 Drivers/STM32F0xx_HAL_Driver/Src/stm32f0xx_hal_rcc.o
 .debug_ranges  0x00000220       0x20 System/startup_stm32f072xb.o
 .debug_ranges  0x00000240       0x10 System/stm32f0xx_hal_msp.o
 .debug_ranges  0x00000250       0x20 System/stm32f0xx_it.o
 .debug_ranges  0x00000270       0x18 System/system_stm32f0xx.o
 .debug_ranges  0x00000288       0x30 main.o

.debug_macro    0x00000000    0x1c415
 .debug_macro   0x00000000      0x402 Drivers/STM32F0xx_HAL_Driver/Src/stm32f0xx_hal.o
 .debug_macro   0x00000402      0x832 Drivers/STM32F0xx_HAL_Driver/Src/stm32f0xx_hal.o
 .debug_macro   0x00000c34      0x110 Drivers/STM32F0xx_HAL_Driver/Src/stm32f0xx_hal.o
 .debug_macro   0x00000d44       0x2e Drivers/STM32F0xx_HAL_Driver/Src/stm32f0xx_hal.o
 .debug_macro   0x00000d72       0x22 Drivers/STM32F0xx_HAL_Driver/Src/stm32f0xx_hal.o
 .debug_macro   0x00000d94       0x22 Drivers/STM32F0xx_HAL_Driver/Src/stm32f0xx_hal.o
 .debug_macro   0x00000db6       0x44 Drivers/STM32F0xx_HAL_Driver/Src/stm32f0xx_hal.o
 .debug_macro   0x00000dfa       0xfd Drivers/STM32F0xx_HAL_Driver/Src/stm32f0xx_hal.o
 .debug_macro   0x00000ef7       0x22 Drivers/STM32F0xx_HAL_Driver/Src/stm32f0xx_hal.o
 .debug_macro   0x00000f19      0x1df Drivers/STM32F0xx_HAL_Driver/Src/stm32f0xx_hal.o
 .debug_macro   0x000010f8       0x34 Drivers/STM32F0xx_HAL_Driver/Src/stm32f0xx_hal.o
 .debug_macro   0x0000112c       0x26 Drivers/STM32F0xx_HAL_Driver/Src/stm32f0xx_hal.o
 .debug_macro   0x00001152      0x30d Drivers/STM32F0xx_HAL_Driver/Src/stm32f0xx_hal.o
 .debug_macro   0x0000145f     0xfce4 Drivers/STM32F0xx_HAL_Driver/Src/stm32f0xx_hal.o
 .debug_macro   0x00011143       0x3c Drivers/STM32F0xx_HAL_Driver/Src/stm32f0xx_hal.o
 .debug_macro   0x0001117f     0x3398 Drivers/STM32F0xx_HAL_Driver/Src/stm32f0xx_hal.o
 .debug_macro   0x00014517       0x58 Drivers/STM32F0xx_HAL_Driver/Src/stm32f0xx_hal.o
 .debug_macro   0x0001456f       0x35 Drivers/STM32F0xx_HAL_Driver/Src/stm32f0xx_hal.o
 .debug_macro   0x000145a4       0x9c Drivers/STM32F0xx_HAL_Driver/Src/stm32f0xx_hal.o
 .debug_macro   0x00014640       0x16 Drivers/STM32F0xx_HAL_Driver/Src/stm32f0xx_hal.o
 .debug_macro   0x00014656       0x97 Drivers/STM32F0xx_HAL_Driver/Src/stm32f0xx_hal.o
 .debug_macro   0x000146ed      0x329 Drivers/STM32F0xx_HAL_Driver/Src/stm32f0xx_hal.o
 .debug_macro   0x00014a16       0xfd Drivers/STM32F0xx_HAL_Driver/Src/stm32f0xx_hal.o
 .debug_macro   0x00014b13       0x10 Drivers/STM32F0xx_HAL_Driver/Src/stm32f0xx_hal.o
 .debug_macro   0x00014b23       0x52 Drivers/STM32F0xx_HAL_Driver/Src/stm32f0xx_hal.o
 .debug_macro   0x00014b75       0x16 Drivers/STM32F0xx_HAL_Driver/Src/stm32f0xx_hal.o
 .debug_macro   0x00014b8b       0x43 Drivers/STM32F0xx_HAL_Driver/Src/stm32f0xx_hal.o
 .debug_macro   0x00014bce      0x187 Drivers/STM32F0xx_HAL_Driver/Src/stm32f0xx_hal.o
 .debug_macro   0x00014d55       0x10 Drivers/STM32F0xx_HAL_Driver/Src/stm32f0xx_hal.o
 .debug_macro   0x00014d65       0x22 Drivers/STM32F0xx_HAL_Driver/Src/stm32f0xx_hal.o
 .debug_macro   0x00014d87       0x3a Drivers/STM32F0xx_HAL_Driver/Src/stm32f0xx_hal.o
 .debug_macro   0x00014dc1       0x10 Drivers/STM32F0xx_HAL_Driver/Src/stm32f0xx_hal.o
 .debug_macro   0x00014dd1       0x40 Drivers/STM32F0xx_HAL_Driver/Src/stm32f0xx_hal.o
 .debug_macro   0x00014e11       0x65 Drivers/STM32F0xx_HAL_Driver/Src/stm32f0xx_hal.o
 .debug_macro   0x00014e76       0x16 Drivers/STM32F0xx_HAL_Driver/Src/stm32f0xx_hal.o
 .debug_macro   0x00014e8c      0x197 Drivers/STM32F0xx_HAL_Driver/Src/stm32f0xx_hal.o
 .debug_macro   0x00015023       0x50 Drivers/STM32F0xx_HAL_Driver/Src/stm32f0xx_hal.o
 .debug_macro   0x00015073      0x953 Drivers/STM32F0xx_HAL_Driver/Src/stm32f0xx_hal.o
 .debug_macro   0x000159c6      0x5f3 Drivers/STM32F0xx_HAL_Driver/Src/stm32f0xx_hal.o
 .debug_macro   0x00015fb9      0x13a Drivers/STM32F0xx_HAL_Driver/Src/stm32f0xx_hal.o
 .debug_macro   0x000160f3      0x1a7 Drivers/STM32F0xx_HAL_Driver/Src/stm32f0xx_hal.o
 .debug_macro   0x0001629a      0x225 Drivers/STM32F0xx_HAL_Driver/Src/stm32f0xx_hal.o
 .debug_macro   0x000164bf       0x34 Drivers/STM32F0xx_HAL_Driver/Src/stm32f0xx_hal.o
 .debug_macro   0x000164f3       0x43 Drivers/STM32F0xx_HAL_Driver/Src/stm32f0xx_hal.o
 .debug_macro   0x00016536       0x29 Drivers/STM32F0xx_HAL_Driver/Src/stm32f0xx_hal.o
 .debug_macro   0x0001655f      0x344 Drivers/STM32F0xx_HAL_Driver/Src/stm32f0xx_hal.o
 .debug_macro   0x000168a3       0xd6 Drivers/STM32F0xx_HAL_Driver/Src/stm32f0xx_hal.o
 .debug_macro   0x00016979      0x360 Drivers/STM32F0xx_HAL_Driver/Src/stm32f0xx_hal.o
 .debug_macro   0x00016cd9      0x272 Drivers/STM32F0xx_HAL_Driver/Src/stm32f0xx_hal.o
 .debug_macro   0x00016f4b      0x27b Drivers/STM32F0xx_HAL_Driver/Src/stm32f0xx_hal.o
 .debug_macro   0x000171c6       0x88 Drivers/STM32F0xx_HAL_Driver/Src/stm32f0xx_hal.o
 .debug_macro   0x0001724e       0x85 Drivers/STM32F0xx_HAL_Driver/Src/stm32f0xx_hal.o
 .debug_macro   0x000172d3       0x12 Drivers/STM32F0xx_HAL_Driver/Src/stm32f0xx_hal.o
 .debug_macro   0x000172e5       0xcb Drivers/STM32F0xx_HAL_Driver/Src/stm32f0xx_hal.o
 .debug_macro   0x000173b0       0xf5 Drivers/STM32F0xx_HAL_Driver/Src/stm32f0xx_hal.o
 .debug_macro   0x000174a5       0xb6 Drivers/STM32F0xx_HAL_Driver/Src/stm32f0xx_hal.o
 .debug_macro   0x0001755b      0x217 Drivers/STM32F0xx_HAL_Driver/Src/stm32f0xx_hal.o
 .debug_macro   0x00017772      0x202 Drivers/STM32F0xx_HAL_Driver/Src/stm32f0xx_hal.o
 .debug_macro   0x00017974       0x4f Drivers/STM32F0xx_HAL_Driver/Src/stm32f0xx_hal.o
 .debug_macro   0x000179c3       0x90 Drivers/STM32F0xx_HAL_Driver/Src/stm32f0xx_hal.o
 .debug_macro   0x00017a53      0x1a0 Drivers/STM32F0xx_HAL_Driver/Src/stm32f0xx_hal.o
 .debug_macro   0x00017bf3      0x256 Drivers/STM32F0xx_HAL_Driver/Src/stm32f0xx_hal.o
 .debug_macro   0x00017e49       0x31 Drivers/STM32F0xx_HAL_Driver/Src/stm32f0xx_hal.o
 .debug_macro   0x00017e7a       0xab Drivers/STM32F0xx_HAL_Driver/Src/stm32f0xx_hal.o
 .debug_macro   0x00017f25      0x265 Drivers/STM32F0xx_HAL_Driver/Src/stm32f0xx_hal.o
 .debug_macro   0x0001818a       0x4d Drivers/STM32F0xx_HAL_Driver/Src/stm32f0xx_hal.o
 .debug_macro   0x000181d7      0x16d Drivers/STM32F0xx_HAL_Driver/Src/stm32f0xx_hal.o
 .debug_macro   0x00018344      0x2e2 Drivers/STM32F0xx_HAL_Driver/Src/stm32f0xx_hal.o
 .debug_macro   0x00018626      0x3a5 Drivers/STM32F0xx_HAL_Driver/Src/stm32f0xx_hal.o
 .debug_macro   0x000189cb       0xdd Drivers/STM32F0xx_HAL_Driver/Src/stm32f0xx_hal.o
 .debug_macro   0x00018aa8      0x391 Drivers/STM32F0xx_HAL_Driver/Src/stm32f0xx_hal.o
 .debug_macro   0x00018e39       0x11 Drivers/STM32F0xx_HAL_Driver/Src/stm32f0xx_hal.o
 .debug_macro   0x00018e4a      0x32c Drivers/STM32F0xx_HAL_Driver/Src/stm32f0xx_hal.o
 .debug_macro   0x00019176      0x2e2 Drivers/STM32F0xx_HAL_Driver/Src/stm32f0xx_hal.o
 .debug_macro   0x00019458      0x814 Drivers/STM32F0xx_HAL_Driver/Src/stm32f0xx_hal.o
 .debug_macro   0x00019c6c       0x4e Drivers/STM32F0xx_HAL_Driver/Src/stm32f0xx_hal.o
 .debug_macro   0x00019cba      0x46a Drivers/STM32F0xx_HAL_Driver/Src/stm32f0xx_hal.o
 .debug_macro   0x0001a124      0x383 Drivers/STM32F0xx_HAL_Driver/Src/stm32f0xx_hal.o
 .debug_macro   0x0001a4a7      0x209 Drivers/STM32F0xx_HAL_Driver/Src/stm32f0xx_hal.o
 .debug_macro   0x0001a6b0      0x1df Drivers/STM32F0xx_HAL_Driver/Src/stm32f0xx_hal.o
 .debug_macro   0x0001a88f       0x99 Drivers/STM32F0xx_HAL_Driver/Src/stm32f0xx_hal.o
 .debug_macro   0x0001a928       0x8d Drivers/STM32F0xx_HAL_Driver/Src/stm32f0xx_hal.o
 .debug_macro   0x0001a9b5      0x129 Drivers/STM32F0xx_HAL_Driver/Src/stm32f0xx_hal.o
 .debug_macro   0x0001aade      0x3de Drivers/STM32F0xx_HAL_Driver/Src/stm32f0xx_hal_cortex.o
 .debug_macro   0x0001aebc      0x3f0 Drivers/STM32F0xx_HAL_Driver/Src/stm32f0xx_hal_rcc.o
 .debug_macro   0x0001b2ac      0x3f1 System/stm32f0xx_hal_msp.o
 .debug_macro   0x0001b69d      0x1ae System/stm32f0xx_hal_msp.o
 .debug_macro   0x0001b84b      0x3fb System/stm32f0xx_it.o
 .debug_macro   0x0001bc46      0x3de System/system_stm32f0xx.o
 .debug_macro   0x0001c024      0x3f1 main.o

.debug_line     0x00000000     0x492c
 .debug_line    0x00000000      0xaa4 Drivers/STM32F0xx_HAL_Driver/Src/stm32f0xx_hal.o
 .debug_line    0x00000aa4      0xaf3 Drivers/STM32F0xx_HAL_Driver/Src/stm32f0xx_hal_cortex.o
 .debug_line    0x00001597      0xcac Drivers/STM32F0xx_HAL_Driver/Src/stm32f0xx_hal_rcc.o
 .debug_line    0x00002243       0x82 System/startup_stm32f072xb.o
 .debug_line    0x000022c5      0x994 System/stm32f0xx_hal_msp.o
 .debug_line    0x00002c59      0x9c3 System/stm32f0xx_it.o
 .debug_line    0x0000361c      0x9a8 System/system_stm32f0xx.o
 .debug_line    0x00003fc4      0x968 main.o

.debug_str      0x00000000    0xb0545
 .debug_str     0x00000000    0xaf327 Drivers/STM32F0xx_HAL_Driver/Src/stm32f0xx_hal.o
                              0xaf6d0 (size before relaxing)
 .debug_str     0x000af327      0x1dc Drivers/STM32F0xx_HAL_Driver/Src/stm32f0xx_hal_cortex.o
                              0xaf5b0 (size before relaxing)
 .debug_str     0x000af503      0x3e4 Drivers/STM32F0xx_HAL_Driver/Src/stm32f0xx_hal_rcc.o
                              0xaf5fb (size before relaxing)
 .debug_str     0x000af8e7      0xb83 System/stm32f0xx_hal_msp.o
                              0xafc69 (size before relaxing)
 .debug_str     0x000b046a       0x5c System/stm32f0xx_it.o
                              0xafca5 (size before relaxing)
 .debug_str     0x000b04c6       0x5d System/system_stm32f0xx.o
                              0xaf1da (size before relaxing)
 .debug_str     0x000b0523       0x22 main.o
                              0xafcd6 (size before relaxing)

.comment        0x00000000       0x6e
 .comment       0x00000000       0x6e Drivers/STM32F0xx_HAL_Driver/Src/stm32f0xx_hal.o
                                 0x6f (size before relaxing)
 .comment       0x0000006e       0x6f Drivers/STM32F0xx_HAL_Driver/Src/stm32f0xx_hal_cortex.o
 .comment       0x0000006e       0x6f Drivers/STM32F0xx_HAL_Driver/Src/stm32f0xx_hal_rcc.o
 .comment       0x0000006e       0x6f System/stm32f0xx_hal_msp.o
 .comment       0x0000006e       0x6f System/stm32f0xx_it.o
 .comment       0x0000006e       0x6f System/system_stm32f0xx.o
 .comment       0x0000006e       0x6f main.o

.debug_frame    0x00000000      0x4a4
 .debug_frame   0x00000000      0x144 Drivers/STM32F0xx_HAL_Driver/Src/stm32f0xx_hal.o
 .debug_frame   0x00000144       0xe4 Drivers/STM32F0xx_HAL_Driver/Src/stm32f0xx_hal_cortex.o
 .debug_frame   0x00000228      0x130 Drivers/STM32F0xx_HAL_Driver/Src/stm32f0xx_hal_rcc.o
 .debug_frame   0x00000358       0x30 System/stm32f0xx_hal_msp.o
 .debug_frame   0x00000388       0x68 System/stm32f0xx_it.o
 .debug_frame   0x000003f0       0x3c System/system_stm32f0xx.o
 .debug_frame   0x0000042c       0x2c main.o
 .debug_frame   0x00000458       0x20 c:/ac6/systemworkbench/plugins/fr.ac6.mcu.externaltools.arm-none.win32_1.7.0.201602121829/tools/compiler/bin/../lib/gcc/arm-none-eabi/5.2.1/armv6-m\libgcc.a(_udivsi3.o)
 .debug_frame   0x00000478       0x2c c:/ac6/systemworkbench/plugins/fr.ac6.mcu.externaltools.arm-none.win32_1.7.0.201602121829/tools/compiler/bin/../lib/gcc/arm-none-eabi/5.2.1/../../../../arm-none-eabi/lib/armv6-m\libc_nano.a(lib_a-init.o)
